📊 全 トラック分析 (year=2025)
============================================================
✅ データベース初期化完了
📥 全データロード中...
📦 全データをメモリにロード中...
  ✅ 21438レース, 296337件のデータをロード (5.7秒)
🔧 馬の履歴データを構築中...
  ✅ 37155頭の履歴を構築 (105.6秒)
🔧 騎手・調教師統計を構築中(temporal-safe v6)...
  ✅ 騎手330, 調教師327, コンビ18403 (temporal累積, 48.5秒)
🔧 スピード指数を計算中...
  ✅ 37059頭のSIを計算 (24.6秒)
🎯 テスト対象: 3459 レース
🔧 特徴量計算中...
📊 有効 race: 3434

============================================================
🎯 Track 5: 市場非効率検証 (1人気過剰人気)
============================================================

── 1人気<1.5倍 ──
  戦略               n   spend  return     ROI

── 1人気1.5-1.9倍 ──
  戦略               n   spend  return     ROI

── 1人気2.0-2.9倍 ──
  戦略               n   spend  return     ROI

── 1人気3.0-4.9倍 ──
  戦略               n   spend  return     ROI

── 1人気5.0倍+ ──
  戦略               n   spend  return     ROI

============================================================
🎯 Track 4: 券種別 ROI 比較 (◎ベース)
============================================================
  単勝◎                       spend ¥   343,400 return ¥         0 hits=    0 ROI=  0.0%
  複勝◎                       spend ¥   343,400 return ¥         0 hits=    0 ROI=  0.0%
  馬連流し(4点)                  spend ¥ 1,373,600 return ¥   691,470 hits=  924 ROI= 50.3%
  ワイド流し(3点)                 spend ¥ 1,030,200 return ¥   530,310 hits= 1738 ROI= 51.5%
  三連複フォーメ(3点)               spend ¥ 1,030,200 return ¥   291,750 hits=  329 ROI= 28.3%
  三連単1着固定(6点)               spend ¥ 2,060,400 return ¥ 1,472,140 hits=  334 ROI= 71.4%
  三連単BOX 3頭(6点)             spend ¥ 2,060,400 return ¥ 1,400,350 hits=  324 ROI= 68.0%
  馬単流し(4点)                  spend ¥ 1,373,600 return ¥ 1,111,000 hits=  865 ROI= 80.9%

============================================================
🎯 Track 1: 馬場バイアス分析
============================================================

馬場バイアス検出 (R9+ の 1人気単勝 ROI):
  帯                                           n  spend  return     ROI

📝 JSON 出力: docs/analysis/all_tracks.json
