📊 Phase α 効果計測 backtest (year=2025)
============================================================
✅ データベース初期化完了
📥 全データロード中...
📦 全データをメモリにロード中...
  ✅ 21438レース, 296337件のデータをロード (5.5秒)
🔧 馬の履歴データを構築中...
  ✅ 37155頭の履歴を構築 (107.9秒)
🔧 騎手・調教師統計を構築中(temporal-safe v6)...
  ✅ 騎手330, 調教師327, コンビ18403 (temporal累積, 51.4秒)
🔧 スピード指数を計算中...
  ✅ 37059頭のSIを計算 (25.6秒)
🎯 テスト対象: 3459 レース
🔧 特徴量計算中...
📊 有効 race: 3434

============================================================
📊 Phase α 効果計測 結果 (3434 races, 2025)
============================================================

── BASELINE mode ──
  単勝◎       : races=  572 spend=¥    57,200 return=¥    55,410 hits= 203 ROI= 96.9% 🟡
  三連複◎軸     : races=  572 spend=¥   571,600 return=¥   246,180 hits= 165 ROI= 43.1%

── ALPHA mode ──
  単勝◎       : races=  639 spend=¥    63,900 return=¥    59,440 hits= 209 ROI= 93.0% 🟡
  三連複◎軸     : races=  639 spend=¥   638,600 return=¥   292,270 hits= 180 ROI= 45.8%

── WHITELIST mode ──
  単勝◎       : races=   83 spend=¥     8,300 return=¥     9,410 hits=  34 ROI=113.4% 🟢
  三連複◎軸     : races=   83 spend=¥    83,000 return=¥    25,080 hits=  13 ROI= 30.2%

── 比較 ──
  単勝◎: baseline 96.9% → alpha 93.0% (Δ-3.9pt) / whitelist 113.4%
  三連複◎軸: baseline 43.1% → alpha 45.8% (Δ+2.7pt) / whitelist 30.2%

📝 JSON 出力: docs/analysis/phase_alpha_results.json
