📊 Walk-forward 検証 (years=[2020, 2021, 2022, 2023, 2024, 2025])
============================================================
✅ データベース初期化完了
📥 全データロード中...
📦 全データをメモリにロード中...
  ✅ 21438レース, 296337件のデータをロード (5.2秒)
🔧 馬の履歴データを構築中...
  ✅ 37155頭の履歴を構築 (102.6秒)
🔧 騎手・調教師統計を構築中(temporal-safe v6)...
  ✅ 騎手330, 調教師327, コンビ18403 (temporal累積, 50.4秒)
🔧 スピード指数を計算中...
  ✅ 37059頭のSIを計算 (25.2秒)
🎯 テスト対象: 20009 レース (全 6 年)
🔧 特徴量計算中... (test races=20009)
🔧 各 race 処理中...

============================================================
📊 年度別 segment ROI (n_races ≥ 15 のみ表示)
============================================================

🏆 全 6 年で ROI ≥ 100% (n ≥ 15 / 年) の segment

  (該当なし — 全年安定して 100%+ の segment は存在しない)

🎯 4年以上で ROI ≥ 100% (準安定) の segment

   bet segment                                               avg    min  ≥100     n | per-year
   tan confidence/race_class/dist=S/2勝/中                  117.5%  54.7%   5/6   127 | 20=108% 21=104% 22=110% 23=54% 24=204% 25=122%
   tan venue/surface=函館/ダート                               106.5%  61.0%   5/6   320 | 20=109% 21=117% 22=123% 23=61% 24=109% 25=118%

📝 JSON 出力: docs/analysis/walk_forward_segments.json
